ERROR 2025-10-04 15:40:01 views_executive_dashboard get_context_data خطا در گزارشات تحلیلی: Expression contains mixed types: DecimalField, IntegerField. You must set output_field.
ERROR 2025-10-06 08:15:57 check_user_access check_user_factor_access خطا در بررسی دسترسی کاربر admin: name 'AccessRule' is not defined
ERROR 2025-10-06 08:15:57 check_user_access check_user_factor_access خطا در بررسی دسترسی کاربر admin: name 'AccessRule' is not defined
ERROR 2025-10-06 08:15:57 check_user_access check_user_factor_access خطا در بررسی دسترسی کاربر admin: name 'AccessRule' is not defined
ERROR 2025-10-06 08:15:57 check_user_access check_user_factor_access خطا در بررسی دسترسی کاربر admin: name 'AccessRule' is not defined
ERROR 2025-10-06 08:15:57 check_user_access check_user_factor_access خطا در بررسی دسترسی کاربر admin: name 'AccessRule' is not defined
ERROR 2025-10-06 08:15:57 check_user_access check_user_factor_access خطا در بررسی دسترسی کاربر admin: name 'AccessRule' is not defined
ERROR 2025-10-06 08:15:57 check_user_access check_user_factor_access خطا در بررسی دسترسی کاربر admin: name 'AccessRule' is not defined
ERROR 2025-10-06 08:15:57 check_user_access check_user_factor_access خطا در بررسی دسترسی کاربر admin: name 'AccessRule' is not defined
ERROR 2025-10-06 08:15:57 check_user_access check_user_factor_access خطا در بررسی دسترسی کاربر admin: name 'AccessRule' is not defined
ERROR 2025-10-06 08:15:57 check_user_access check_user_factor_access خطا در بررسی دسترسی کاربر admin: name 'AccessRule' is not defined
ERROR 2025-10-06 08:15:57 check_user_access check_user_factor_access خطا در بررسی دسترسی کاربر admin: name 'AccessRule' is not defined
ERROR 2025-10-06 08:15:57 check_user_access check_user_factor_access خطا در بررسی دسترسی کاربر admin: name 'AccessRule' is not defined
ERROR 2025-10-06 08:15:57 check_user_access check_user_factor_access خطا در بررسی دسترسی کاربر admin: name 'AccessRule' is not defined
ERROR 2025-10-06 08:15:57 check_user_access check_user_factor_access خطا در بررسی دسترسی کاربر admin: name 'AccessRule' is not defined
ERROR 2025-10-06 08:15:57 View_Factor_list get_context_data [FACTOR_LIST_CONTEXT] خطا در پردازش فاکتور FAC-TNKH-14040518-HSarein-HSAR-Flor3-001-14040605-HSarein-0001: Payee matching query does not exist.
Traceback (most recent call last):
  File "D:\Design & Source Code\Source Coding\BudgetsSystem\venv\Lib\site-packages\django\db\models\fields\related_descriptors.py", line 239, in __get__
    rel_obj = self.field.get_cached_value(instance)
  File "D:\Design & Source Code\Source Coding\BudgetsSystem\venv\Lib\site-packages\django\db\models\fields\mixins.py", line 37, in get_cached_value
    return instance._state.fields_cache[self.cache_name]
           ~~~~~~~~~~~~~~~~~~~~~~~~~~~~^^^^^^^^^^^^^^^^^
KeyError: 'payee'

During handling of the above exception, another exception occurred:

Traceback (most recent call last):
  File "D:\Design & Source Code\Source Coding\BudgetsSystem\tankhah\Factor\View_Factor_list.py", line 249, in get_context_data
    payee = getattr(factor, 'payee', None)
  File "D:\Design & Source Code\Source Coding\BudgetsSystem\venv\Lib\site-packages\django\db\models\fields\related_descriptors.py", line 257, in __get__
    rel_obj = self.get_object(instance)
  File "D:\Design & Source Code\Source Coding\BudgetsSystem\venv\Lib\site-packages\django\db\models\fields\related_descriptors.py", line 220, in get_object
    return qs.get(self.field.get_reverse_related_filter(instance))
           ~~~~~~^^^^^^^^^^^^^^^^^^^^^^^^^^^^^^^^^^^^^^^^^^^^^^^^^
  File "D:\Design & Source Code\Source Coding\BudgetsSystem\venv\Lib\site-packages\django\db\models\query.py", line 649, in get
    raise self.model.DoesNotExist(
        "%s matching query does not exist." % self.model._meta.object_name
    )
budgets.models.Payee.DoesNotExist: Payee matching query does not exist.
ERROR 2025-10-06 08:15:58 check_user_access check_user_factor_access خطا در بررسی دسترسی کاربر admin: name 'AccessRule' is not defined
ERROR 2025-10-06 08:15:58 View_Factor_list get_context_data [FACTOR_LIST_CONTEXT] خطا در پردازش فاکتور FAC-TNKH-14040518-HSarein-HSAR-Flor3-001-14040604-HSarein-0001: Payee matching query does not exist.
Traceback (most recent call last):
  File "D:\Design & Source Code\Source Coding\BudgetsSystem\venv\Lib\site-packages\django\db\models\fields\related_descriptors.py", line 239, in __get__
    rel_obj = self.field.get_cached_value(instance)
  File "D:\Design & Source Code\Source Coding\BudgetsSystem\venv\Lib\site-packages\django\db\models\fields\mixins.py", line 37, in get_cached_value
    return instance._state.fields_cache[self.cache_name]
           ~~~~~~~~~~~~~~~~~~~~~~~~~~~~^^^^^^^^^^^^^^^^^
KeyError: 'payee'

During handling of the above exception, another exception occurred:

Traceback (most recent call last):
  File "D:\Design & Source Code\Source Coding\BudgetsSystem\tankhah\Factor\View_Factor_list.py", line 249, in get_context_data
    payee = getattr(factor, 'payee', None)
  File "D:\Design & Source Code\Source Coding\BudgetsSystem\venv\Lib\site-packages\django\db\models\fields\related_descriptors.py", line 257, in __get__
    rel_obj = self.get_object(instance)
  File "D:\Design & Source Code\Source Coding\BudgetsSystem\venv\Lib\site-packages\django\db\models\fields\related_descriptors.py", line 220, in get_object
    return qs.get(self.field.get_reverse_related_filter(instance))
           ~~~~~~^^^^^^^^^^^^^^^^^^^^^^^^^^^^^^^^^^^^^^^^^^^^^^^^^
  File "D:\Design & Source Code\Source Coding\BudgetsSystem\venv\Lib\site-packages\django\db\models\query.py", line 649, in get
    raise self.model.DoesNotExist(
        "%s matching query does not exist." % self.model._meta.object_name
    )
budgets.models.Payee.DoesNotExist: Payee matching query does not exist.
ERROR 2025-10-06 08:15:58 check_user_access check_user_factor_access خطا در بررسی دسترسی کاربر admin: name 'AccessRule' is not defined
ERROR 2025-10-06 08:15:58 check_user_access check_user_factor_access خطا در بررسی دسترسی کاربر admin: name 'AccessRule' is not defined
ERROR 2025-10-06 08:15:58 rcms_custom_filters format_negative Error formatting number بدون کد ملی: could not convert string to float: 'بدون کد ملی'
ERROR 2025-10-06 08:15:58 rcms_custom_filters format_negative Error formatting number بدون کد ملی: could not convert string to float: 'بدون کد ملی'
